// Jest Snapshot v1, https://goo.gl/fbAQLP

exports[`Test suite de AddCategory Debe mostrar el snapshop del componente 1`] = `
<form
  onSubmit={[Function]}
>
  <input
    onChange={[Function]}
    type="text"
    value=""
  />
</form>
`;
