// Jest Snapshot v1, https://goo.gl/fbAQLP

exports[`Test Suite GifGridItem Debe mostrar el componente correctamente 1`] = `
<div
  className="card animate__animated animate__backInLeft"
>
  <img
    alt="Un título"
    src="https://localhost/algo.jpg"
  />
  <p>
    Un título
  </p>
</div>
`;
